// Vitest Snapshot v1, https://vitest.dev/guide/snapshot.html

exports[`modale 1`] = `
<div>
  <h2>
    Flags
  </h2>
  <h3>
    Settings
  </h3>
  <div
    class="settings"
  >
    <div
      class="setting difficulty"
    >
      <h4>
        Difficulty
      </h4>
      <div
        class="buttons"
      >
        <button
          class="inactive"
        >
          Kid
        </button>
        <button
          class="active"
        >
          Easy
        </button>
        <button
          class="inactive"
        >
          Medium
        </button>
        <button
          class="inactive"
        >
          Hard
        </button>
        <button
          class="inactive"
        >
          Expert
        </button>
      </div>
    </div>
    <div
      class="setting length"
    >
      <h4>
        Questions
      </h4>
      <div
        class="buttons"
      >
        <button
          class="inactive"
        >
          short
           (
          short
          )
        </button>
        <button
          class="active"
        >
          normal
           (
          normal
          )
        </button>
        <button
          class="inactive"
        >
          long
           (
          long
          )
        </button>
      </div>
    </div>
    <div
      class="setting region"
    >
      <h4>
        Continents
      </h4>
      <div
        class="buttons"
      >
        <button
          class="active"
        >
          All
        </button>
        <button
          class="inactive"
        >
          Africa
        </button>
        <button
          class="inactive"
        >
          Americas
        </button>
        <button
          class="inactive"
        >
          Asia
        </button>
        <button
          class="inactive"
        >
          Europe
        </button>
        <button
          class="inactive"
        >
          Oceania
        </button>
      </div>
    </div>
  </div>
  <button
    class="start"
  >
    Start the game
  </button>
</div>
`;
